// Jest Snapshot v1, https://goo.gl/fbAQLP

exports[`web | components | CommentsEditor | index render should render 1`] = `
<Provider
  store={
    Object {
      "dispatch": [Function],
      "getState": [Function],
      "replaceReducer": [Function],
      "subscribe": [Function],
      Symbol(observable): [Function],
    }
  }
>
  <Connect(LanguageProvider)
    messages={Object {}}
  >
    <LanguageProvider
      dispatch={[Function]}
      locale="en"
      messages={Object {}}
    >
      <IntlProvider
        key="en"
        locale="en"
      >
        <Router
          history={
            Object {
              "action": "POP",
              "block": [Function],
              "createHref": [Function],
              "go": [Function],
              "goBack": [Function],
              "goForward": [Function],
              "length": 1,
              "listen": [Function],
              "location": Object {
                "hash": "",
                "pathname": "/",
                "search": "",
                "state": undefined,
              },
              "push": [Function],
              "replace": [Function],
            }
          }
        >
          <WithStyles(EnhancedComponent)>
            <EnhancedComponent
              classes={
                Object {
                  "avatar": "EnhancedComponent-avatar-3",
                  "container": "EnhancedComponent-container-1",
                  "divider": "EnhancedComponent-divider-7",
                  "margin": "EnhancedComponent-margin-2",
                  "text": "EnhancedComponent-text-4",
                  "toolbar": "EnhancedComponent-toolbar-5",
                  "width": "EnhancedComponent-width-6",
                  "widthTodo": "EnhancedComponent-widthTodo-8",
                }
              }
            >
              <Component
                classes={
                  Object {
                    "avatar": "EnhancedComponent-avatar-3",
                    "container": "EnhancedComponent-container-1",
                    "divider": "EnhancedComponent-divider-7",
                    "margin": "EnhancedComponent-margin-2",
                    "text": "EnhancedComponent-text-4",
                    "toolbar": "EnhancedComponent-toolbar-5",
                    "width": "EnhancedComponent-width-6",
                    "widthTodo": "EnhancedComponent-widthTodo-8",
                  }
                }
              >
                <div />
              </Component>
            </EnhancedComponent>
          </WithStyles(EnhancedComponent)>
        </Router>
      </IntlProvider>
    </LanguageProvider>
  </Connect(LanguageProvider)>
</Provider>
`;
