// Jest Snapshot v1, https://goo.gl/fbAQLP

exports[`app | components | CircularProgress | component snapshot should match snapshot 1`] = `
<div
  className="[object Object] circular-progress--wrapper"
>
  <WithStyles(CircularProgress)
    className="undefined circular-progress circular-progress__circular-progress"
    size={50}
  />
</div>
`;
