// Jest Snapshot v1, https://goo.gl/fbAQLP

exports[`web | pages | ResendLogin | index render should resendLogin render 1`] = `
<Provider
  store={
    Object {
      "dispatch": [Function],
      "getState": [Function],
      "replaceReducer": [Function],
      "subscribe": [Function],
      Symbol(observable): [Function],
    }
  }
>
  <WithStyles(Connect(EnhancedComponent)) />
</Provider>
`;
